[nft-tailwind.preview.uideck.com/index.html]
[backblue.gif]
[fade.gif]
[index.html]
[nft-tailwind.preview.uideck.com/images/favicon.png]
[nft-tailwind.preview.uideck.com/css/animate.css]
[nft-tailwind.preview.uideck.com/css/tiny-slider.css]
[nft-tailwind.preview.uideck.com/css/tailwind.css]
[nft-tailwind.preview.uideck.com/js/wow.min.js]
[nft-tailwind.preview.uideck.com/js/alpine.min.js]
[nft-tailwind.preview.uideck.com/images/logo.svg]
[nft-tailwind.preview.uideck.com/explore-items.html]
[nft-tailwind.preview.uideck.com/item-details.html]
[nft-tailwind.preview.uideck.com/create-item.html]
[nft-tailwind.preview.uideck.com/connect-wallet.html]
[nft-tailwind.preview.uideck.com/support.html]
[nft-tailwind.preview.uideck.com/signin.html]
[nft-tailwind.preview.uideck.com/signup.html]
[nft-tailwind.preview.uideck.com/images/hero/common-bg.jpg]
[nft-tailwind.preview.uideck.com/images/hero/hero-image.svg]
[nft-tailwind.preview.uideck.com/images/artists/image-01.png]
[nft-tailwind.preview.uideck.com/images/artists/image-02.png]
[nft-tailwind.preview.uideck.com/images/artists/image-03.png]
[nft-tailwind.preview.uideck.com/images/artists/image-04.png]
[nft-tailwind.preview.uideck.com/images/auctions/image-01.svg]
[nft-tailwind.preview.uideck.com/images/auctions/creator-01.png]
[nft-tailwind.preview.uideck.com/images/auctions/image-02.svg]
[nft-tailwind.preview.uideck.com/images/auctions/creator-02.png]
[nft-tailwind.preview.uideck.com/images/auctions/image-03.svg]
[nft-tailwind.preview.uideck.com/images/auctions/creator-03.png]
[nft-tailwind.preview.uideck.com/images/auctions/image-04.svg]
[nft-tailwind.preview.uideck.com/images/auctions/creator-04.png]
[nft-tailwind.preview.uideck.com/images/picks/image-01.svg]
[nft-tailwind.preview.uideck.com/images/picks/creator-01.png]
[nft-tailwind.preview.uideck.com/images/picks/image-02.svg]
[nft-tailwind.preview.uideck.com/images/picks/creator-02.png]
[nft-tailwind.preview.uideck.com/images/picks/image-03.svg]
[nft-tailwind.preview.uideck.com/images/picks/creator-03.png]
[nft-tailwind.preview.uideck.com/images/picks/image-04.svg]
[nft-tailwind.preview.uideck.com/images/picks/creator-04.png]
[nft-tailwind.preview.uideck.com/images/picks/image-05.svg]
[nft-tailwind.preview.uideck.com/images/picks/creator-05.png]
[nft-tailwind.preview.uideck.com/images/picks/image-06.svg]
[nft-tailwind.preview.uideck.com/images/picks/creator-06.png]
[nft-tailwind.preview.uideck.com/images/picks/image-07.svg]
[nft-tailwind.preview.uideck.com/images/picks/creator-07.png]
[nft-tailwind.preview.uideck.com/images/picks/image-08.svg]
[nft-tailwind.preview.uideck.com/images/picks/creator-08.png]
[nft-tailwind.preview.uideck.com/images/collections/image-01.svg]
[nft-tailwind.preview.uideck.com/images/collections/image-02.svg]
[nft-tailwind.preview.uideck.com/images/collections/image-03.svg]
[nft-tailwind.preview.uideck.com/images/collections/creator-01.jpg]
[nft-tailwind.preview.uideck.com/images/collections/image-04.svg]
[nft-tailwind.preview.uideck.com/images/collections/image-05.svg]
[nft-tailwind.preview.uideck.com/images/collections/image-06.svg]
[nft-tailwind.preview.uideck.com/images/collections/image-07.svg]
[nft-tailwind.preview.uideck.com/images/collections/creator-02.jpg]
[nft-tailwind.preview.uideck.com/js/tiny-slider.js]
[nft-tailwind.preview.uideck.com/index.html]
[nft-tailwind.preview.uideck.com/explore-items.html]
[nft-tailwind.preview.uideck.com/images/item-details/image-01.png]
[nft-tailwind.preview.uideck.com/item-details.html]
[nft-tailwind.preview.uideck.com/create-item.html]
[nft-tailwind.preview.uideck.com/images/wallets/image-1.svg]
[nft-tailwind.preview.uideck.com/images/wallets/image-2.svg]
[nft-tailwind.preview.uideck.com/images/wallets/image-3.svg]
[nft-tailwind.preview.uideck.com/images/wallets/image-4.svg]
[nft-tailwind.preview.uideck.com/images/wallets/image-5.svg]
[nft-tailwind.preview.uideck.com/images/wallets/image-6.svg]
[nft-tailwind.preview.uideck.com/images/wallets/image-7.svg]
[nft-tailwind.preview.uideck.com/images/wallets/image-8.svg]
[nft-tailwind.preview.uideck.com/connect-wallet.html]
[nft-tailwind.preview.uideck.com/cdn-cgi/l/email-protection.html]
[nft-tailwind.preview.uideck.com/cdn-cgi/scripts/5c5dd728/cloudflare-static/email-decode.min.js]
[nft-tailwind.preview.uideck.com/support.html]
[nft-tailwind.preview.uideck.com/signin.html]
[nft-tailwind.preview.uideck.com/signup.html]
[nft-tailwind.preview.uideck.com/cdn-cgi/l/email-protection.html]
[nft-tailwind.preview.uideck.com/css/animate.css]
[nft-tailwind.preview.uideck.com/css/tiny-slider.css]
[nft-tailwind.preview.uideck.com/css/tailwind.css]
[nft-tailwind.preview.uideck.com/images/logo.svg]
[nft-tailwind.preview.uideck.com/images/hero/hero-image.svg]
[nft-tailwind.preview.uideck.com/images/auctions/image-01.svg]
[nft-tailwind.preview.uideck.com/images/auctions/image-02.svg]
[nft-tailwind.preview.uideck.com/images/auctions/image-03.svg]
[nft-tailwind.preview.uideck.com/images/auctions/image-04.svg]
[nft-tailwind.preview.uideck.com/images/picks/image-01.svg]
[nft-tailwind.preview.uideck.com/images/picks/image-02.svg]
[nft-tailwind.preview.uideck.com/images/picks/image-03.svg]
[nft-tailwind.preview.uideck.com/images/picks/image-04.svg]
[nft-tailwind.preview.uideck.com/images/picks/image-05.svg]
[nft-tailwind.preview.uideck.com/images/picks/image-06.svg]
[nft-tailwind.preview.uideck.com/images/picks/image-07.svg]
[nft-tailwind.preview.uideck.com/images/picks/image-08.svg]
[nft-tailwind.preview.uideck.com/images/collections/image-01.svg]
[nft-tailwind.preview.uideck.com/images/collections/image-02.svg]
[nft-tailwind.preview.uideck.com/images/collections/image-03.svg]
[nft-tailwind.preview.uideck.com/images/collections/image-04.svg]
[nft-tailwind.preview.uideck.com/images/collections/image-05.svg]
[nft-tailwind.preview.uideck.com/images/collections/image-06.svg]
[nft-tailwind.preview.uideck.com/images/collections/image-07.svg]
[nft-tailwind.preview.uideck.com/images/wallets/image-1.svg]
[nft-tailwind.preview.uideck.com/images/wallets/image-2.svg]
[nft-tailwind.preview.uideck.com/images/wallets/image-3.svg]
[nft-tailwind.preview.uideck.com/images/wallets/image-4.svg]
[nft-tailwind.preview.uideck.com/images/wallets/image-5.svg]
[nft-tailwind.preview.uideck.com/images/wallets/image-6.svg]
[nft-tailwind.preview.uideck.com/images/wallets/image-7.svg]
[nft-tailwind.preview.uideck.com/images/wallets/image-8.svg]
